  Determining projects to restore...
  All projects are up-to-date for restore.
  RMS.Core -> D:\PROJECTS\RestaurantBrno\RMS-WEB\Backend\RMS\RMS.Core\bin\Debug\net8.0\RMS.Core.dll
  RMS.Domain -> D:\PROJECTS\RestaurantBrno\RMS-WEB\Backend\RMS\RMS.Domain\bin\Debug\net8.0\RMS.Domain.dll
  RMS.Infrastructure -> D:\PROJECTS\RestaurantBrno\RMS-WEB\Backend\RMS\RMS.Infrastructure\bin\Debug\net8.0\RMS.Infrastructure.dll
  RMS.Application -> D:\PROJECTS\RestaurantBrno\RMS-WEB\Backend\RMS\RMS.Application\bin\Debug\net8.0\RMS.Application.dll
C:\Program Files\dotnet\sdk\10.0.101\Microsoft.Common.CurrentVersion.targets(5381,5): warning MSB3026: Could not copy "D:\PROJECTS\RestaurantBrno\RMS-WEB\Backend\RMS\RMS.WebApi\obj\Debug\net8.0\apphost.exe" to "bin\Debug\net8.0\RMS.WebApi.exe". Beginning retry 1 in 1000ms. The process cannot access the file 'D:\PROJECTS\RestaurantBrno\RMS-WEB\Backend\RMS\RMS.WebApi\bin\Debug\net8.0\RMS.WebApi.exe' because it is being used by another process. The file is locked by: "RMS.WebApi (31268)" [D:\PROJECTS\RestaurantBrno\RMS-WEB\Backend\RMS\RMS.WebApi\RMS.WebApi.csproj]
C:\Program Files\dotnet\sdk\10.0.101\Microsoft.Common.CurrentVersion.targets(5381,5): warning MSB3026: Could not copy "D:\PROJECTS\RestaurantBrno\RMS-WEB\Backend\RMS\RMS.WebApi\obj\Debug\net8.0\apphost.exe" to "bin\Debug\net8.0\RMS.WebApi.exe". Beginning retry 2 in 1000ms. The process cannot access the file 'D:\PROJECTS\RestaurantBrno\RMS-WEB\Backend\RMS\RMS.WebApi\bin\Debug\net8.0\RMS.WebApi.exe' because it is being used by another process. The file is locked by: "RMS.WebApi (31268)" [D:\PROJECTS\RestaurantBrno\RMS-WEB\Backend\RMS\RMS.WebApi\RMS.WebApi.csproj]
C:\Program Files\dotnet\sdk\10.0.101\Microsoft.Common.CurrentVersion.targets(5381,5): warning MSB3026: Could not copy "D:\PROJECTS\RestaurantBrno\RMS-WEB\Backend\RMS\RMS.WebApi\obj\Debug\net8.0\apphost.exe" to "bin\Debug\net8.0\RMS.WebApi.exe". Beginning retry 3 in 1000ms. The process cannot access the file 'D:\PROJECTS\RestaurantBrno\RMS-WEB\Backend\RMS\RMS.WebApi\bin\Debug\net8.0\RMS.WebApi.exe' because it is being used by another process. The file is locked by: "RMS.WebApi (31268)" [D:\PROJECTS\RestaurantBrno\RMS-WEB\Backend\RMS\RMS.WebApi\RMS.WebApi.csproj]
C:\Program Files\dotnet\sdk\10.0.101\Microsoft.Common.CurrentVersion.targets(5381,5): warning MSB3026: Could not copy "D:\PROJECTS\RestaurantBrno\RMS-WEB\Backend\RMS\RMS.WebApi\obj\Debug\net8.0\apphost.exe" to "bin\Debug\net8.0\RMS.WebApi.exe". Beginning retry 4 in 1000ms. The process cannot access the file 'D:\PROJECTS\RestaurantBrno\RMS-WEB\Backend\RMS\RMS.WebApi\bin\Debug\net8.0\RMS.WebApi.exe' because it is being used by another process. The file is locked by: "RMS.WebApi (31268)" [D:\PROJECTS\RestaurantBrno\RMS-WEB\Backend\RMS\RMS.WebApi\RMS.WebApi.csproj]
C:\Program Files\dotnet\sdk\10.0.101\Microsoft.Common.CurrentVersion.targets(5381,5): warning MSB3026: Could not copy "D:\PROJECTS\RestaurantBrno\RMS-WEB\Backend\RMS\RMS.WebApi\obj\Debug\net8.0\apphost.exe" to "bin\Debug\net8.0\RMS.WebApi.exe". Beginning retry 5 in 1000ms. The process cannot access the file 'D:\PROJECTS\RestaurantBrno\RMS-WEB\Backend\RMS\RMS.WebApi\bin\Debug\net8.0\RMS.WebApi.exe' because it is being used by another process. The file is locked by: "RMS.WebApi (31268)" [D:\PROJECTS\RestaurantBrno\RMS-WEB\Backend\RMS\RMS.WebApi\RMS.WebApi.csproj]
C:\Program Files\dotnet\sdk\10.0.101\Microsoft.Common.CurrentVersion.targets(5381,5): warning MSB3026: Could not copy "D:\PROJECTS\RestaurantBrno\RMS-WEB\Backend\RMS\RMS.WebApi\obj\Debug\net8.0\apphost.exe" to "bin\Debug\net8.0\RMS.WebApi.exe". Beginning retry 6 in 1000ms. The process cannot access the file 'D:\PROJECTS\RestaurantBrno\RMS-WEB\Backend\RMS\RMS.WebApi\bin\Debug\net8.0\RMS.WebApi.exe' because it is being used by another process. The file is locked by: "RMS.WebApi (31268)" [D:\PROJECTS\RestaurantBrno\RMS-WEB\Backend\RMS\RMS.WebApi\RMS.WebApi.csproj]
C:\Program Files\dotnet\sdk\10.0.101\Microsoft.Common.CurrentVersion.targets(5381,5): warning MSB3026: Could not copy "D:\PROJECTS\RestaurantBrno\RMS-WEB\Backend\RMS\RMS.WebApi\obj\Debug\net8.0\apphost.exe" to "bin\Debug\net8.0\RMS.WebApi.exe". Beginning retry 7 in 1000ms. The process cannot access the file 'D:\PROJECTS\RestaurantBrno\RMS-WEB\Backend\RMS\RMS.WebApi\bin\Debug\net8.0\RMS.WebApi.exe' because it is being used by another process. The file is locked by: "RMS.WebApi (31268)" [D:\PROJECTS\RestaurantBrno\RMS-WEB\Backend\RMS\RMS.WebApi\RMS.WebApi.csproj]
C:\Program Files\dotnet\sdk\10.0.101\Microsoft.Common.CurrentVersion.targets(5381,5): warning MSB3026: Could not copy "D:\PROJECTS\RestaurantBrno\RMS-WEB\Backend\RMS\RMS.WebApi\obj\Debug\net8.0\apphost.exe" to "bin\Debug\net8.0\RMS.WebApi.exe". Beginning retry 8 in 1000ms. The process cannot access the file 'D:\PROJECTS\RestaurantBrno\RMS-WEB\Backend\RMS\RMS.WebApi\bin\Debug\net8.0\RMS.WebApi.exe' because it is being used by another process. The file is locked by: "RMS.WebApi (31268)" [D:\PROJECTS\RestaurantBrno\RMS-WEB\Backend\RMS\RMS.WebApi\RMS.WebApi.csproj]
C:\Program Files\dotnet\sdk\10.0.101\Microsoft.Common.CurrentVersion.targets(5381,5): warning MSB3026: Could not copy "D:\PROJECTS\RestaurantBrno\RMS-WEB\Backend\RMS\RMS.WebApi\obj\Debug\net8.0\apphost.exe" to "bin\Debug\net8.0\RMS.WebApi.exe". Beginning retry 9 in 1000ms. The process cannot access the file 'D:\PROJECTS\RestaurantBrno\RMS-WEB\Backend\RMS\RMS.WebApi\bin\Debug\net8.0\RMS.WebApi.exe' because it is being used by another process. The file is locked by: "RMS.WebApi (31268)" [D:\PROJECTS\RestaurantBrno\RMS-WEB\Backend\RMS\RMS.WebApi\RMS.WebApi.csproj]
C:\Program Files\dotnet\sdk\10.0.101\Microsoft.Common.CurrentVersion.targets(5381,5): warning MSB3026: Could not copy "D:\PROJECTS\RestaurantBrno\RMS-WEB\Backend\RMS\RMS.WebApi\obj\Debug\net8.0\apphost.exe" to "bin\Debug\net8.0\RMS.WebApi.exe". Beginning retry 10 in 1000ms. The process cannot access the file 'D:\PROJECTS\RestaurantBrno\RMS-WEB\Backend\RMS\RMS.WebApi\bin\Debug\net8.0\RMS.WebApi.exe' because it is being used by another process. The file is locked by: "RMS.WebApi (31268)" [D:\PROJECTS\RestaurantBrno\RMS-WEB\Backend\RMS\RMS.WebApi\RMS.WebApi.csproj]
C:\Program Files\dotnet\sdk\10.0.101\Microsoft.Common.CurrentVersion.targets(5381,5): error MSB3027: Could not copy "D:\PROJECTS\RestaurantBrno\RMS-WEB\Backend\RMS\RMS.WebApi\obj\Debug\net8.0\apphost.exe" to "bin\Debug\net8.0\RMS.WebApi.exe". Exceeded retry count of 10. Failed. The file is locked by: "RMS.WebApi (31268)" [D:\PROJECTS\RestaurantBrno\RMS-WEB\Backend\RMS\RMS.WebApi\RMS.WebApi.csproj]
C:\Program Files\dotnet\sdk\10.0.101\Microsoft.Common.CurrentVersion.targets(5381,5): error MSB3021: Unable to copy file "D:\PROJECTS\RestaurantBrno\RMS-WEB\Backend\RMS\RMS.WebApi\obj\Debug\net8.0\apphost.exe" to "bin\Debug\net8.0\RMS.WebApi.exe". The process cannot access the file 'D:\PROJECTS\RestaurantBrno\RMS-WEB\Backend\RMS\RMS.WebApi\bin\Debug\net8.0\RMS.WebApi.exe' because it is being used by another process. [D:\PROJECTS\RestaurantBrno\RMS-WEB\Backend\RMS\RMS.WebApi\RMS.WebApi.csproj]

Build FAILED.

C:\Program Files\dotnet\sdk\10.0.101\Microsoft.Common.CurrentVersion.targets(5381,5): warning MSB3026: Could not copy "D:\PROJECTS\RestaurantBrno\RMS-WEB\Backend\RMS\RMS.WebApi\obj\Debug\net8.0\apphost.exe" to "bin\Debug\net8.0\RMS.WebApi.exe". Beginning retry 1 in 1000ms. The process cannot access the file 'D:\PROJECTS\RestaurantBrno\RMS-WEB\Backend\RMS\RMS.WebApi\bin\Debug\net8.0\RMS.WebApi.exe' because it is being used by another process. The file is locked by: "RMS.WebApi (31268)" [D:\PROJECTS\RestaurantBrno\RMS-WEB\Backend\RMS\RMS.WebApi\RMS.WebApi.csproj]
C:\Program Files\dotnet\sdk\10.0.101\Microsoft.Common.CurrentVersion.targets(5381,5): warning MSB3026: Could not copy "D:\PROJECTS\RestaurantBrno\RMS-WEB\Backend\RMS\RMS.WebApi\obj\Debug\net8.0\apphost.exe" to "bin\Debug\net8.0\RMS.WebApi.exe". Beginning retry 2 in 1000ms. The process cannot access the file 'D:\PROJECTS\RestaurantBrno\RMS-WEB\Backend\RMS\RMS.WebApi\bin\Debug\net8.0\RMS.WebApi.exe' because it is being used by another process. The file is locked by: "RMS.WebApi (31268)" [D:\PROJECTS\RestaurantBrno\RMS-WEB\Backend\RMS\RMS.WebApi\RMS.WebApi.csproj]
C:\Program Files\dotnet\sdk\10.0.101\Microsoft.Common.CurrentVersion.targets(5381,5): warning MSB3026: Could not copy "D:\PROJECTS\RestaurantBrno\RMS-WEB\Backend\RMS\RMS.WebApi\obj\Debug\net8.0\apphost.exe" to "bin\Debug\net8.0\RMS.WebApi.exe". Beginning retry 3 in 1000ms. The process cannot access the file 'D:\PROJECTS\RestaurantBrno\RMS-WEB\Backend\RMS\RMS.WebApi\bin\Debug\net8.0\RMS.WebApi.exe' because it is being used by another process. The file is locked by: "RMS.WebApi (31268)" [D:\PROJECTS\RestaurantBrno\RMS-WEB\Backend\RMS\RMS.WebApi\RMS.WebApi.csproj]
C:\Program Files\dotnet\sdk\10.0.101\Microsoft.Common.CurrentVersion.targets(5381,5): warning MSB3026: Could not copy "D:\PROJECTS\RestaurantBrno\RMS-WEB\Backend\RMS\RMS.WebApi\obj\Debug\net8.0\apphost.exe" to "bin\Debug\net8.0\RMS.WebApi.exe". Beginning retry 4 in 1000ms. The process cannot access the file 'D:\PROJECTS\RestaurantBrno\RMS-WEB\Backend\RMS\RMS.WebApi\bin\Debug\net8.0\RMS.WebApi.exe' because it is being used by another process. The file is locked by: "RMS.WebApi (31268)" [D:\PROJECTS\RestaurantBrno\RMS-WEB\Backend\RMS\RMS.WebApi\RMS.WebApi.csproj]
C:\Program Files\dotnet\sdk\10.0.101\Microsoft.Common.CurrentVersion.targets(5381,5): warning MSB3026: Could not copy "D:\PROJECTS\RestaurantBrno\RMS-WEB\Backend\RMS\RMS.WebApi\obj\Debug\net8.0\apphost.exe" to "bin\Debug\net8.0\RMS.WebApi.exe". Beginning retry 5 in 1000ms. The process cannot access the file 'D:\PROJECTS\RestaurantBrno\RMS-WEB\Backend\RMS\RMS.WebApi\bin\Debug\net8.0\RMS.WebApi.exe' because it is being used by another process. The file is locked by: "RMS.WebApi (31268)" [D:\PROJECTS\RestaurantBrno\RMS-WEB\Backend\RMS\RMS.WebApi\RMS.WebApi.csproj]
C:\Program Files\dotnet\sdk\10.0.101\Microsoft.Common.CurrentVersion.targets(5381,5): warning MSB3026: Could not copy "D:\PROJECTS\RestaurantBrno\RMS-WEB\Backend\RMS\RMS.WebApi\obj\Debug\net8.0\apphost.exe" to "bin\Debug\net8.0\RMS.WebApi.exe". Beginning retry 6 in 1000ms. The process cannot access the file 'D:\PROJECTS\RestaurantBrno\RMS-WEB\Backend\RMS\RMS.WebApi\bin\Debug\net8.0\RMS.WebApi.exe' because it is being used by another process. The file is locked by: "RMS.WebApi (31268)" [D:\PROJECTS\RestaurantBrno\RMS-WEB\Backend\RMS\RMS.WebApi\RMS.WebApi.csproj]
C:\Program Files\dotnet\sdk\10.0.101\Microsoft.Common.CurrentVersion.targets(5381,5): warning MSB3026: Could not copy "D:\PROJECTS\RestaurantBrno\RMS-WEB\Backend\RMS\RMS.WebApi\obj\Debug\net8.0\apphost.exe" to "bin\Debug\net8.0\RMS.WebApi.exe". Beginning retry 7 in 1000ms. The process cannot access the file 'D:\PROJECTS\RestaurantBrno\RMS-WEB\Backend\RMS\RMS.WebApi\bin\Debug\net8.0\RMS.WebApi.exe' because it is being used by another process. The file is locked by: "RMS.WebApi (31268)" [D:\PROJECTS\RestaurantBrno\RMS-WEB\Backend\RMS\RMS.WebApi\RMS.WebApi.csproj]
C:\Program Files\dotnet\sdk\10.0.101\Microsoft.Common.CurrentVersion.targets(5381,5): warning MSB3026: Could not copy "D:\PROJECTS\RestaurantBrno\RMS-WEB\Backend\RMS\RMS.WebApi\obj\Debug\net8.0\apphost.exe" to "bin\Debug\net8.0\RMS.WebApi.exe". Beginning retry 8 in 1000ms. The process cannot access the file 'D:\PROJECTS\RestaurantBrno\RMS-WEB\Backend\RMS\RMS.WebApi\bin\Debug\net8.0\RMS.WebApi.exe' because it is being used by another process. The file is locked by: "RMS.WebApi (31268)" [D:\PROJECTS\RestaurantBrno\RMS-WEB\Backend\RMS\RMS.WebApi\RMS.WebApi.csproj]
C:\Program Files\dotnet\sdk\10.0.101\Microsoft.Common.CurrentVersion.targets(5381,5): warning MSB3026: Could not copy "D:\PROJECTS\RestaurantBrno\RMS-WEB\Backend\RMS\RMS.WebApi\obj\Debug\net8.0\apphost.exe" to "bin\Debug\net8.0\RMS.WebApi.exe". Beginning retry 9 in 1000ms. The process cannot access the file 'D:\PROJECTS\RestaurantBrno\RMS-WEB\Backend\RMS\RMS.WebApi\bin\Debug\net8.0\RMS.WebApi.exe' because it is being used by another process. The file is locked by: "RMS.WebApi (31268)" [D:\PROJECTS\RestaurantBrno\RMS-WEB\Backend\RMS\RMS.WebApi\RMS.WebApi.csproj]
C:\Program Files\dotnet\sdk\10.0.101\Microsoft.Common.CurrentVersion.targets(5381,5): warning MSB3026: Could not copy "D:\PROJECTS\RestaurantBrno\RMS-WEB\Backend\RMS\RMS.WebApi\obj\Debug\net8.0\apphost.exe" to "bin\Debug\net8.0\RMS.WebApi.exe". Beginning retry 10 in 1000ms. The process cannot access the file 'D:\PROJECTS\RestaurantBrno\RMS-WEB\Backend\RMS\RMS.WebApi\bin\Debug\net8.0\RMS.WebApi.exe' because it is being used by another process. The file is locked by: "RMS.WebApi (31268)" [D:\PROJECTS\RestaurantBrno\RMS-WEB\Backend\RMS\RMS.WebApi\RMS.WebApi.csproj]
C:\Program Files\dotnet\sdk\10.0.101\Microsoft.Common.CurrentVersion.targets(5381,5): error MSB3027: Could not copy "D:\PROJECTS\RestaurantBrno\RMS-WEB\Backend\RMS\RMS.WebApi\obj\Debug\net8.0\apphost.exe" to "bin\Debug\net8.0\RMS.WebApi.exe". Exceeded retry count of 10. Failed. The file is locked by: "RMS.WebApi (31268)" [D:\PROJECTS\RestaurantBrno\RMS-WEB\Backend\RMS\RMS.WebApi\RMS.WebApi.csproj]
C:\Program Files\dotnet\sdk\10.0.101\Microsoft.Common.CurrentVersion.targets(5381,5): error MSB3021: Unable to copy file "D:\PROJECTS\RestaurantBrno\RMS-WEB\Backend\RMS\RMS.WebApi\obj\Debug\net8.0\apphost.exe" to "bin\Debug\net8.0\RMS.WebApi.exe". The process cannot access the file 'D:\PROJECTS\RestaurantBrno\RMS-WEB\Backend\RMS\RMS.WebApi\bin\Debug\net8.0\RMS.WebApi.exe' because it is being used by another process. [D:\PROJECTS\RestaurantBrno\RMS-WEB\Backend\RMS\RMS.WebApi\RMS.WebApi.csproj]
    10 Warning(s)
    2 Error(s)

Time Elapsed 00:00:13.69
